// Jest Snapshot v1, https://goo.gl/fbAQLP

exports[`API Departments should fetch departments tree 1`] = `
Array [
  Object {
    "code": "Дирекция Универсиады",
    "company_id": null,
    "created_at": "2017-08-21T13:34:51.716Z",
    "departments_tree": Array [
      Object {
        "children": Array [
          Object {
            "children": Array [],
            "code": "rtech",
            "company_id": 3,
            "created_at": "2017-08-04T14:21:08.130Z",
            "id": 4,
            "legal_unit_id": 1,
            "logo": Object {
              "url": null,
            },
            "manager_id": null,
            "name_ru": "Аккредитация",
            "parent_id": 2,
            "participants": Array [
              Object {
                "departments_chain": Array [],
                "email": "lol@lol.ro",
                "email_corporate": "",
                "email_private": "",
                "email_work": "",
                "full_name": "ну  как же  так",
                "fullname": "ну  как же  так",
                "id": 68,
                "photo": Object {
                  "for_community": Object {
                    "url": "/assets/for_community_missing-b4f8a53e68d54f5cbac13188d8bf4b02d19b8f53a3675d3ee3b20dbe774f8155.png",
                  },
                  "for_profile": Object {
                    "url": "/assets/for_profile_missing-3657db474bfb89493ca65924eb79e5524e1d9f39ce157404483d14d94d69db44.png",
                  },
                  "thumb": Object {
                    "url": "/assets/thumb_missing-f015378f0e113aa915f555c42fef4271455cce2836370ddbdb9c4b8c0a6d368e.png",
                  },
                  "url": "/assets/missing-408c62833ba40df558fa15d6dea581b920e7fb644468c06b2d565dc1eaf686f8.png",
                },
                "position_name": "Старший разработчик",
                "profile_id": 62,
              },
            ],
            "participants_count": 1,
            "region": 36,
            "updated_at": "2017-10-05T14:52:41.930Z",
          },
        ],
        "code": "root",
        "company_id": 3,
        "created_at": "2017-08-04T14:20:10.796Z",
        "id": 2,
        "legal_unit_id": 1,
        "logo": Object {
          "url": null,
        },
        "manager_id": null,
        "name_ru": "Допинг-контроль",
        "parent_id": null,
        "participants": Array [
          Object {
            "departments_chain": Array [
              Object {
                "code": "root",
                "company_id": 3,
                "created_at": "2017-08-04T14:20:10.796Z",
                "id": 2,
                "legal_unit_id": 1,
                "logo": Object {
                  "url": null,
                },
                "manager_id": null,
                "name_ru": "Допинг-контроль",
                "parent_id": null,
                "region": 36,
                "updated_at": "2017-10-05T14:51:58.167Z",
              },
            ],
            "email": "ekosharnovskaya@fil-it.ru",
            "email_corporate": "",
            "email_private": "ekosharnovskaya@fil-it.ru",
            "email_work": "",
            "full_name": "Кошарновская Екатерина Александровна",
            "fullname": "Кошарновская Екатерина Александровна",
            "id": 9,
            "photo": Object {
              "for_community": Object {
                "url": "/assets/for_community_missing-b4f8a53e68d54f5cbac13188d8bf4b02d19b8f53a3675d3ee3b20dbe774f8155.png",
              },
              "for_profile": Object {
                "url": "/assets/for_profile_missing-3657db474bfb89493ca65924eb79e5524e1d9f39ce157404483d14d94d69db44.png",
              },
              "thumb": Object {
                "url": "/assets/thumb_missing-f015378f0e113aa915f555c42fef4271455cce2836370ddbdb9c4b8c0a6d368e.png",
              },
              "url": "/assets/missing-408c62833ba40df558fa15d6dea581b920e7fb644468c06b2d565dc1eaf686f8.png",
            },
            "position_name": "Старший фронтенд разработчик",
            "profile_id": 5,
          },
        ],
        "participants_count": 1,
        "region": 36,
        "updated_at": "2017-10-05T14:51:58.167Z",
      },
      Object {
        "children": Array [
          Object {
            "children": Array [],
            "code": "КАДРЫ",
            "company_id": 4,
            "created_at": "2017-08-04T14:20:03.247Z",
            "id": 1,
            "legal_unit_id": 1,
            "logo": Object {
              "url": "/uploads/department/logo/1/sun.rays.small.png",
            },
            "manager_id": null,
            "name_ru": "Кадры",
            "parent_id": 3,
            "participants": Array [
              Object {
                "departments_chain": Array [
                  Object {
                    "code": "HEAD",
                    "company_id": 4,
                    "created_at": "2017-08-04T14:21:05.702Z",
                    "id": 3,
                    "legal_unit_id": 1,
                    "logo": Object {
                      "url": null,
                    },
                    "manager_id": null,
                    "name_ru": "Руководство",
                    "parent_id": null,
                    "region": null,
                    "updated_at": "2017-10-05T14:53:15.389Z",
                  },
                  Object {
                    "code": "КАДРЫ",
                    "company_id": 4,
                    "created_at": "2017-08-04T14:20:03.247Z",
                    "id": 1,
                    "legal_unit_id": 1,
                    "logo": Object {
                      "url": "/uploads/department/logo/1/sun.rays.small.png",
                    },
                    "manager_id": null,
                    "name_ru": "Кадры",
                    "parent_id": 3,
                    "region": null,
                    "updated_at": "2017-10-24T14:41:02.043Z",
                  },
                ],
                "email": "yuivannikov@phoenixit.ru",
                "email_corporate": "",
                "email_private": "",
                "email_work": "",
                "full_name": "Иванников Юрий Юрьевич",
                "fullname": "Иванников Юрий Юрьевич",
                "id": 29,
                "photo": Object {
                  "for_community": Object {
                    "url": "/uploads/profile/photo/24/for_community_Pickles.jpg",
                  },
                  "for_profile": Object {
                    "url": "/uploads/profile/photo/24/for_profile_Pickles.jpg",
                  },
                  "thumb": Object {
                    "url": "/uploads/profile/photo/24/thumb_Pickles.jpg",
                  },
                  "url": "/uploads/profile/photo/24/Pickles.jpg",
                },
                "position_name": "Специалист",
                "profile_id": 24,
              },
              Object {
                "departments_chain": Array [
                  Object {
                    "code": "HEAD",
                    "company_id": 4,
                    "created_at": "2017-08-04T14:21:05.702Z",
                    "id": 3,
                    "legal_unit_id": 1,
                    "logo": Object {
                      "url": null,
                    },
                    "manager_id": null,
                    "name_ru": "Руководство",
                    "parent_id": null,
                    "region": null,
                    "updated_at": "2017-10-05T14:53:15.389Z",
                  },
                  Object {
                    "code": "КАДРЫ",
                    "company_id": 4,
                    "created_at": "2017-08-04T14:20:03.247Z",
                    "id": 1,
                    "legal_unit_id": 1,
                    "logo": Object {
                      "url": "/uploads/department/logo/1/sun.rays.small.png",
                    },
                    "manager_id": null,
                    "name_ru": "Кадры",
                    "parent_id": 3,
                    "region": null,
                    "updated_at": "2017-10-24T14:41:02.043Z",
                  },
                ],
                "email": "vikushka.1313@gmail.com",
                "email_corporate": "",
                "email_private": "",
                "email_work": "",
                "full_name": "Сабурова1313 Виктория1313 Игоревна1313",
                "fullname": "Сабурова1313 Виктория1313 Игоревна1313",
                "id": 7,
                "photo": Object {
                  "for_community": Object {
                    "url": "/assets/for_community_missing-b4f8a53e68d54f5cbac13188d8bf4b02d19b8f53a3675d3ee3b20dbe774f8155.png",
                  },
                  "for_profile": Object {
                    "url": "/assets/for_profile_missing-3657db474bfb89493ca65924eb79e5524e1d9f39ce157404483d14d94d69db44.png",
                  },
                  "thumb": Object {
                    "url": "/assets/thumb_missing-f015378f0e113aa915f555c42fef4271455cce2836370ddbdb9c4b8c0a6d368e.png",
                  },
                  "url": "/assets/missing-408c62833ba40df558fa15d6dea581b920e7fb644468c06b2d565dc1eaf686f8.png",
                },
                "position_name": "Старший фронтенд разработчик",
                "profile_id": 53,
              },
            ],
            "participants_count": 2,
            "region": null,
            "updated_at": "2017-10-24T14:41:02.043Z",
          },
        ],
        "code": "HEAD",
        "company_id": 4,
        "created_at": "2017-08-04T14:21:05.702Z",
        "id": 3,
        "legal_unit_id": 1,
        "logo": Object {
          "url": null,
        },
        "manager_id": null,
        "name_ru": "Руководство",
        "parent_id": null,
        "participants": Array [],
        "participants_count": 0,
        "region": null,
        "updated_at": "2017-10-05T14:53:15.389Z",
      },
    ],
    "id": 1,
    "logo": Object {
      "url": null,
    },
    "name": "Дирекция Универсиады",
    "updated_at": "2017-10-05T14:37:06.342Z",
    "uuid": "AT Consulting",
  },
  Object {
    "code": "Университет",
    "company_id": null,
    "created_at": "2017-08-21T13:36:26.676Z",
    "departments_tree": Array [
      Object {
        "children": Array [
          Object {
            "children": Array [],
            "code": "SPORT",
            "company_id": null,
            "created_at": "2017-08-21T15:24:39.450Z",
            "id": 5,
            "legal_unit_id": 2,
            "logo": Object {
              "url": null,
            },
            "manager_id": null,
            "name_ru": "Церемонии",
            "parent_id": 6,
            "participants": Array [
              Object {
                "departments_chain": Array [
                  Object {
                    "code": "INV",
                    "company_id": null,
                    "created_at": "2017-08-30T21:51:58.730Z",
                    "id": 6,
                    "legal_unit_id": 2,
                    "logo": Object {
                      "url": null,
                    },
                    "manager_id": null,
                    "name_ru": "Управление брендом",
                    "parent_id": null,
                    "region": null,
                    "updated_at": "2017-10-05T14:53:01.947Z",
                  },
                  Object {
                    "code": "SPORT",
                    "company_id": null,
                    "created_at": "2017-08-21T15:24:39.450Z",
                    "id": 5,
                    "legal_unit_id": 2,
                    "logo": Object {
                      "url": null,
                    },
                    "manager_id": null,
                    "name_ru": "Церемонии",
                    "parent_id": 6,
                    "region": null,
                    "updated_at": "2017-10-05T14:52:22.701Z",
                  },
                ],
                "email": "saksenov@phoenixit.ru",
                "email_corporate": "",
                "email_private": "",
                "email_work": "",
                "full_name": "Аксенов Сергей Юрьевич",
                "fullname": "Аксенов Сергей Юрьевич",
                "id": 21,
                "photo": Object {
                  "for_community": Object {
                    "url": "/assets/for_community_missing-b4f8a53e68d54f5cbac13188d8bf4b02d19b8f53a3675d3ee3b20dbe774f8155.png",
                  },
                  "for_profile": Object {
                    "url": "/assets/for_profile_missing-3657db474bfb89493ca65924eb79e5524e1d9f39ce157404483d14d94d69db44.png",
                  },
                  "thumb": Object {
                    "url": "/assets/thumb_missing-f015378f0e113aa915f555c42fef4271455cce2836370ddbdb9c4b8c0a6d368e.png",
                  },
                  "url": "/assets/missing-408c62833ba40df558fa15d6dea581b920e7fb644468c06b2d565dc1eaf686f8.png",
                },
                "position_name": "Ведущий специалист по тестированию",
                "profile_id": 16,
              },
              Object {
                "departments_chain": Array [
                  Object {
                    "code": "INV",
                    "company_id": null,
                    "created_at": "2017-08-30T21:51:58.730Z",
                    "id": 6,
                    "legal_unit_id": 2,
                    "logo": Object {
                      "url": null,
                    },
                    "manager_id": null,
                    "name_ru": "Управление брендом",
                    "parent_id": null,
                    "region": null,
                    "updated_at": "2017-10-05T14:53:01.947Z",
                  },
                  Object {
                    "code": "SPORT",
                    "company_id": null,
                    "created_at": "2017-08-21T15:24:39.450Z",
                    "id": 5,
                    "legal_unit_id": 2,
                    "logo": Object {
                      "url": null,
                    },
                    "manager_id": null,
                    "name_ru": "Церемонии",
                    "parent_id": 6,
                    "region": null,
                    "updated_at": "2017-10-05T14:52:22.701Z",
                  },
                ],
                "email": "mandryunin@phoenixit.ru",
                "email_corporate": "",
                "email_private": null,
                "email_work": "",
                "full_name": "Андрюнин Михаил Сергеевич",
                "fullname": "Андрюнин Михаил Сергеевич",
                "id": 22,
                "photo": Object {
                  "for_community": Object {
                    "url": "/assets/for_community_missing-b4f8a53e68d54f5cbac13188d8bf4b02d19b8f53a3675d3ee3b20dbe774f8155.png",
                  },
                  "for_profile": Object {
                    "url": "/assets/for_profile_missing-3657db474bfb89493ca65924eb79e5524e1d9f39ce157404483d14d94d69db44.png",
                  },
                  "thumb": Object {
                    "url": "/assets/thumb_missing-f015378f0e113aa915f555c42fef4271455cce2836370ddbdb9c4b8c0a6d368e.png",
                  },
                  "url": "/assets/missing-408c62833ba40df558fa15d6dea581b920e7fb644468c06b2d565dc1eaf686f8.png",
                },
                "position_name": "Старший специалист по тестированию",
                "profile_id": 17,
              },
              Object {
                "departments_chain": Array [
                  Object {
                    "code": "INV",
                    "company_id": null,
                    "created_at": "2017-08-30T21:51:58.730Z",
                    "id": 6,
                    "legal_unit_id": 2,
                    "logo": Object {
                      "url": null,
                    },
                    "manager_id": null,
                    "name_ru": "Управление брендом",
                    "parent_id": null,
                    "region": null,
                    "updated_at": "2017-10-05T14:53:01.947Z",
                  },
                  Object {
                    "code": "SPORT",
                    "company_id": null,
                    "created_at": "2017-08-21T15:24:39.450Z",
                    "id": 5,
                    "legal_unit_id": 2,
                    "logo": Object {
                      "url": null,
                    },
                    "manager_id": null,
                    "name_ru": "Церемонии",
                    "parent_id": 6,
                    "region": null,
                    "updated_at": "2017-10-05T14:52:22.701Z",
                  },
                ],
                "email": "vbelous@phoenixit.ru",
                "email_corporate": "vbelous@fil-it.ru",
                "email_private": "at.vlad.belous@gmail.com",
                "email_work": "vbelous@phoenixit.ru",
                "full_name": "Белоус Владислав Владимирович",
                "fullname": "Белоус Владислав Владимирович",
                "id": 23,
                "photo": Object {
                  "for_community": Object {
                    "url": "/uploads/profile/photo/18/for_community__cartman.gif",
                  },
                  "for_profile": Object {
                    "url": "/uploads/profile/photo/18/for_profile__cartman.gif",
                  },
                  "thumb": Object {
                    "url": "/uploads/profile/photo/18/thumb__cartman.gif",
                  },
                  "url": "/uploads/profile/photo/18/_cartman.gif",
                },
                "position_name": "Старший специалист по тестированию",
                "profile_id": 18,
              },
              Object {
                "departments_chain": Array [
                  Object {
                    "code": "INV",
                    "company_id": null,
                    "created_at": "2017-08-30T21:51:58.730Z",
                    "id": 6,
                    "legal_unit_id": 2,
                    "logo": Object {
                      "url": null,
                    },
                    "manager_id": null,
                    "name_ru": "Управление брендом",
                    "parent_id": null,
                    "region": null,
                    "updated_at": "2017-10-05T14:53:01.947Z",
                  },
                  Object {
                    "code": "SPORT",
                    "company_id": null,
                    "created_at": "2017-08-21T15:24:39.450Z",
                    "id": 5,
                    "legal_unit_id": 2,
                    "logo": Object {
                      "url": null,
                    },
                    "manager_id": null,
                    "name_ru": "Церемонии",
                    "parent_id": 6,
                    "region": null,
                    "updated_at": "2017-10-05T14:52:22.701Z",
                  },
                ],
                "email": "agavrilenkova@phoenixit.ru",
                "email_corporate": "",
                "email_private": "",
                "email_work": "",
                "full_name": "Гавриленкова Анастасия Игоревна",
                "fullname": "Гавриленкова Анастасия Игоревна",
                "id": 24,
                "photo": Object {
                  "for_community": Object {
                    "url": "/assets/for_community_missing-b4f8a53e68d54f5cbac13188d8bf4b02d19b8f53a3675d3ee3b20dbe774f8155.png",
                  },
                  "for_profile": Object {
                    "url": "/assets/for_profile_missing-3657db474bfb89493ca65924eb79e5524e1d9f39ce157404483d14d94d69db44.png",
                  },
                  "thumb": Object {
                    "url": "/assets/thumb_missing-f015378f0e113aa915f555c42fef4271455cce2836370ddbdb9c4b8c0a6d368e.png",
                  },
                  "url": "/assets/missing-408c62833ba40df558fa15d6dea581b920e7fb644468c06b2d565dc1eaf686f8.png",
                },
                "position_name": "Ведущий системный аналитик",
                "profile_id": 19,
              },
              Object {
                "departments_chain": Array [
                  Object {
                    "code": "INV",
                    "company_id": null,
                    "created_at": "2017-08-30T21:51:58.730Z",
                    "id": 6,
                    "legal_unit_id": 2,
                    "logo": Object {
                      "url": null,
                    },
                    "manager_id": null,
                    "name_ru": "Управление брендом",
                    "parent_id": null,
                    "region": null,
                    "updated_at": "2017-10-05T14:53:01.947Z",
                  },
                  Object {
                    "code": "SPORT",
                    "company_id": null,
                    "created_at": "2017-08-21T15:24:39.450Z",
                    "id": 5,
                    "legal_unit_id": 2,
                    "logo": Object {
                      "url": null,
                    },
                    "manager_id": null,
                    "name_ru": "Церемонии",
                    "parent_id": 6,
                    "region": null,
                    "updated_at": "2017-10-05T14:52:22.701Z",
                  },
                ],
                "email": "igaldina@phoenixit.ru",
                "email_corporate": "",
                "email_private": null,
                "email_work": "",
                "full_name": "Галдина Ирина Николаевна",
                "fullname": "Галдина Ирина Николаевна",
                "id": 25,
                "photo": Object {
                  "for_community": Object {
                    "url": "/assets/for_community_missing-b4f8a53e68d54f5cbac13188d8bf4b02d19b8f53a3675d3ee3b20dbe774f8155.png",
                  },
                  "for_profile": Object {
                    "url": "/assets/for_profile_missing-3657db474bfb89493ca65924eb79e5524e1d9f39ce157404483d14d94d69db44.png",
                  },
                  "thumb": Object {
                    "url": "/assets/thumb_missing-f015378f0e113aa915f555c42fef4271455cce2836370ddbdb9c4b8c0a6d368e.png",
                  },
                  "url": "/assets/missing-408c62833ba40df558fa15d6dea581b920e7fb644468c06b2d565dc1eaf686f8.png",
                },
                "position_name": "Разработчик",
                "profile_id": 20,
              },
              Object {
                "departments_chain": Array [
                  Object {
                    "code": "INV",
                    "company_id": null,
                    "created_at": "2017-08-30T21:51:58.730Z",
                    "id": 6,
                    "legal_unit_id": 2,
                    "logo": Object {
                      "url": null,
                    },
                    "manager_id": null,
                    "name_ru": "Управление брендом",
                    "parent_id": null,
                    "region": null,
                    "updated_at": "2017-10-05T14:53:01.947Z",
                  },
                  Object {
                    "code": "SPORT",
                    "company_id": null,
                    "created_at": "2017-08-21T15:24:39.450Z",
                    "id": 5,
                    "legal_unit_id": 2,
                    "logo": Object {
                      "url": null,
                    },
                    "manager_id": null,
                    "name_ru": "Церемонии",
                    "parent_id": 6,
                    "region": null,
                    "updated_at": "2017-10-05T14:52:22.701Z",
                  },
                ],
                "email": "ddonskoy@phoenixit.ru",
                "email_corporate": "",
                "email_private": "",
                "email_work": "",
                "full_name": "Донской Дмитрий Викторович",
                "fullname": "Донской Дмитрий Викторович",
                "id": 26,
                "photo": Object {
                  "for_community": Object {
                    "url": "/assets/for_community_missing-b4f8a53e68d54f5cbac13188d8bf4b02d19b8f53a3675d3ee3b20dbe774f8155.png",
                  },
                  "for_profile": Object {
                    "url": "/assets/for_profile_missing-3657db474bfb89493ca65924eb79e5524e1d9f39ce157404483d14d94d69db44.png",
                  },
                  "thumb": Object {
                    "url": "/assets/thumb_missing-f015378f0e113aa915f555c42fef4271455cce2836370ddbdb9c4b8c0a6d368e.png",
                  },
                  "url": "/assets/missing-408c62833ba40df558fa15d6dea581b920e7fb644468c06b2d565dc1eaf686f8.png",
                },
                "position_name": "Ведущий консультант",
                "profile_id": 21,
              },
              Object {
                "departments_chain": Array [
                  Object {
                    "code": "INV",
                    "company_id": null,
                    "created_at": "2017-08-30T21:51:58.730Z",
                    "id": 6,
                    "legal_unit_id": 2,
                    "logo": Object {
                      "url": null,
                    },
                    "manager_id": null,
                    "name_ru": "Управление брендом",
                    "parent_id": null,
                    "region": null,
                    "updated_at": "2017-10-05T14:53:01.947Z",
                  },
                  Object {
                    "code": "SPORT",
                    "company_id": null,
                    "created_at": "2017-08-21T15:24:39.450Z",
                    "id": 5,
                    "legal_unit_id": 2,
                    "logo": Object {
                      "url": null,
                    },
                    "manager_id": null,
                    "name_ru": "Церемонии",
                    "parent_id": 6,
                    "region": null,
                    "updated_at": "2017-10-05T14:52:22.701Z",
                  },
                ],
                "email": "azarubin@phoenixit.ru",
                "email_corporate": "",
                "email_private": null,
                "email_work": "",
                "full_name": "Зарубин Алексей Ильич",
                "fullname": "Зарубин Алексей Ильич",
                "id": 27,
                "photo": Object {
                  "for_community": Object {
                    "url": "/assets/for_community_missing-b4f8a53e68d54f5cbac13188d8bf4b02d19b8f53a3675d3ee3b20dbe774f8155.png",
                  },
                  "for_profile": Object {
                    "url": "/assets/for_profile_missing-3657db474bfb89493ca65924eb79e5524e1d9f39ce157404483d14d94d69db44.png",
                  },
                  "thumb": Object {
                    "url": "/assets/thumb_missing-f015378f0e113aa915f555c42fef4271455cce2836370ddbdb9c4b8c0a6d368e.png",
                  },
                  "url": "/assets/missing-408c62833ba40df558fa15d6dea581b920e7fb644468c06b2d565dc1eaf686f8.png",
                },
                "position_name": "Ведущий консультант",
                "profile_id": 22,
              },
              Object {
                "departments_chain": Array [
                  Object {
                    "code": "INV",
                    "company_id": null,
                    "created_at": "2017-08-30T21:51:58.730Z",
                    "id": 6,
                    "legal_unit_id": 2,
                    "logo": Object {
                      "url": null,
                    },
                    "manager_id": null,
                    "name_ru": "Управление брендом",
                    "parent_id": null,
                    "region": null,
                    "updated_at": "2017-10-05T14:53:01.947Z",
                  },
                  Object {
                    "code": "SPORT",
                    "company_id": null,
                    "created_at": "2017-08-21T15:24:39.450Z",
                    "id": 5,
                    "legal_unit_id": 2,
                    "logo": Object {
                      "url": null,
                    },
                    "manager_id": null,
                    "name_ru": "Церемонии",
                    "parent_id": 6,
                    "region": null,
                    "updated_at": "2017-10-05T14:52:22.701Z",
                  },
                ],
                "email": "ezaharova@phoenixit.ru",
                "email_corporate": "",
                "email_private": "",
                "email_work": "",
                "full_name": "Захарова Елена Алексеевна",
                "fullname": "Захарова Елена Алексеевна",
                "id": 28,
                "photo": Object {
                  "for_community": Object {
                    "url": "/assets/for_community_missing-b4f8a53e68d54f5cbac13188d8bf4b02d19b8f53a3675d3ee3b20dbe774f8155.png",
                  },
                  "for_profile": Object {
                    "url": "/assets/for_profile_missing-3657db474bfb89493ca65924eb79e5524e1d9f39ce157404483d14d94d69db44.png",
                  },
                  "thumb": Object {
                    "url": "/assets/thumb_missing-f015378f0e113aa915f555c42fef4271455cce2836370ddbdb9c4b8c0a6d368e.png",
                  },
                  "url": "/assets/missing-408c62833ba40df558fa15d6dea581b920e7fb644468c06b2d565dc1eaf686f8.png",
                },
                "position_name": "Специалист",
                "profile_id": 23,
              },
              Object {
                "departments_chain": Array [
                  Object {
                    "code": "INV",
                    "company_id": null,
                    "created_at": "2017-08-30T21:51:58.730Z",
                    "id": 6,
                    "legal_unit_id": 2,
                    "logo": Object {
                      "url": null,
                    },
                    "manager_id": null,
                    "name_ru": "Управление брендом",
                    "parent_id": null,
                    "region": null,
                    "updated_at": "2017-10-05T14:53:01.947Z",
                  },
                  Object {
                    "code": "SPORT",
                    "company_id": null,
                    "created_at": "2017-08-21T15:24:39.450Z",
                    "id": 5,
                    "legal_unit_id": 2,
                    "logo": Object {
                      "url": null,
                    },
                    "manager_id": null,
                    "name_ru": "Церемонии",
                    "parent_id": 6,
                    "region": null,
                    "updated_at": "2017-10-05T14:52:22.701Z",
                  },
                ],
                "email": "tirbitskiy@phoenixit.ru",
                "email_corporate": "",
                "email_private": null,
                "email_work": "",
                "full_name": "Ирбицкий Тимур Андреевич",
                "fullname": "Ирбицкий Тимур Андреевич",
                "id": 30,
                "photo": Object {
                  "for_community": Object {
                    "url": "/assets/for_community_missing-b4f8a53e68d54f5cbac13188d8bf4b02d19b8f53a3675d3ee3b20dbe774f8155.png",
                  },
                  "for_profile": Object {
                    "url": "/assets/for_profile_missing-3657db474bfb89493ca65924eb79e5524e1d9f39ce157404483d14d94d69db44.png",
                  },
                  "thumb": Object {
                    "url": "/assets/thumb_missing-f015378f0e113aa915f555c42fef4271455cce2836370ddbdb9c4b8c0a6d368e.png",
                  },
                  "url": "/assets/missing-408c62833ba40df558fa15d6dea581b920e7fb644468c06b2d565dc1eaf686f8.png",
                },
                "position_name": "Аналитик",
                "profile_id": 25,
              },
              Object {
                "departments_chain": Array [
                  Object {
                    "code": "INV",
                    "company_id": null,
                    "created_at": "2017-08-30T21:51:58.730Z",
                    "id": 6,
                    "legal_unit_id": 2,
                    "logo": Object {
                      "url": null,
                    },
                    "manager_id": null,
                    "name_ru": "Управление брендом",
                    "parent_id": null,
                    "region": null,
                    "updated_at": "2017-10-05T14:53:01.947Z",
                  },
                  Object {
                    "code": "SPORT",
                    "company_id": null,
                    "created_at": "2017-08-21T15:24:39.450Z",
                    "id": 5,
                    "legal_unit_id": 2,
                    "logo": Object {
                      "url": null,
                    },
                    "manager_id": null,
                    "name_ru": "Церемонии",
                    "parent_id": 6,
                    "region": null,
                    "updated_at": "2017-10-05T14:52:22.701Z",
                  },
                ],
                "email": "akiselev@phoenixit.ru",
                "email_corporate": "",
                "email_private": null,
                "email_work": "",
                "full_name": "Киселев Александр Александрович",
                "fullname": "Киселев Александр Александрович",
                "id": 31,
                "photo": Object {
                  "for_community": Object {
                    "url": "/assets/for_community_missing-b4f8a53e68d54f5cbac13188d8bf4b02d19b8f53a3675d3ee3b20dbe774f8155.png",
                  },
                  "for_profile": Object {
                    "url": "/assets/for_profile_missing-3657db474bfb89493ca65924eb79e5524e1d9f39ce157404483d14d94d69db44.png",
                  },
                  "thumb": Object {
                    "url": "/assets/thumb_missing-f015378f0e113aa915f555c42fef4271455cce2836370ddbdb9c4b8c0a6d368e.png",
                  },
                  "url": "/assets/missing-408c62833ba40df558fa15d6dea581b920e7fb644468c06b2d565dc1eaf686f8.png",
                },
                "position_name": null,
                "profile_id": 26,
              },
              Object {
                "departments_chain": Array [
                  Object {
                    "code": "INV",
                    "company_id": null,
                    "created_at": "2017-08-30T21:51:58.730Z",
                    "id": 6,
                    "legal_unit_id": 2,
                    "logo": Object {
                      "url": null,
                    },
                    "manager_id": null,
                    "name_ru": "Управление брендом",
                    "parent_id": null,
                    "region": null,
                    "updated_at": "2017-10-05T14:53:01.947Z",
                  },
                  Object {
                    "code": "SPORT",
                    "company_id": null,
                    "created_at": "2017-08-21T15:24:39.450Z",
                    "id": 5,
                    "legal_unit_id": 2,
                    "logo": Object {
                      "url": null,
                    },
                    "manager_id": null,
                    "name_ru": "Церемонии",
                    "parent_id": 6,
                    "region": null,
                    "updated_at": "2017-10-05T14:52:22.701Z",
                  },
                ],
                "email": "vkovun@phoenixit.ru",
                "email_corporate": "",
                "email_private": "",
                "email_work": "",
                "full_name": "Ковун Владислав Анатольевич",
                "fullname": "Ковун Владислав Анатольевич",
                "id": 32,
                "photo": Object {
                  "for_community": Object {
                    "url": "/assets/for_community_missing-b4f8a53e68d54f5cbac13188d8bf4b02d19b8f53a3675d3ee3b20dbe774f8155.png",
                  },
                  "for_profile": Object {
                    "url": "/assets/for_profile_missing-3657db474bfb89493ca65924eb79e5524e1d9f39ce157404483d14d94d69db44.png",
                  },
                  "thumb": Object {
                    "url": "/assets/thumb_missing-f015378f0e113aa915f555c42fef4271455cce2836370ddbdb9c4b8c0a6d368e.png",
                  },
                  "url": "/assets/missing-408c62833ba40df558fa15d6dea581b920e7fb644468c06b2d565dc1eaf686f8.png",
                },
                "position_name": "Специалист",
                "profile_id": 27,
              },
              Object {
                "departments_chain": Array [
                  Object {
                    "code": "INV",
                    "company_id": null,
                    "created_at": "2017-08-30T21:51:58.730Z",
                    "id": 6,
                    "legal_unit_id": 2,
                    "logo": Object {
                      "url": null,
                    },
                    "manager_id": null,
                    "name_ru": "Управление брендом",
                    "parent_id": null,
                    "region": null,
                    "updated_at": "2017-10-05T14:53:01.947Z",
                  },
                  Object {
                    "code": "SPORT",
                    "company_id": null,
                    "created_at": "2017-08-21T15:24:39.450Z",
                    "id": 5,
                    "legal_unit_id": 2,
                    "logo": Object {
                      "url": null,
                    },
                    "manager_id": null,
                    "name_ru": "Церемонии",
                    "parent_id": 6,
                    "region": null,
                    "updated_at": "2017-10-05T14:52:22.701Z",
                  },
                ],
                "email": "kkuznetsova@phoenixit.ru",
                "email_corporate": "",
                "email_private": null,
                "email_work": "",
                "full_name": "Кузнецова Капитолина Борисовна",
                "fullname": "Кузнецова Капитолина Борисовна",
                "id": 33,
                "photo": Object {
                  "for_community": Object {
                    "url": "/assets/for_community_missing-b4f8a53e68d54f5cbac13188d8bf4b02d19b8f53a3675d3ee3b20dbe774f8155.png",
                  },
                  "for_profile": Object {
                    "url": "/assets/for_profile_missing-3657db474bfb89493ca65924eb79e5524e1d9f39ce157404483d14d94d69db44.png",
                  },
                  "thumb": Object {
                    "url": "/assets/thumb_missing-f015378f0e113aa915f555c42fef4271455cce2836370ddbdb9c4b8c0a6d368e.png",
                  },
                  "url": "/assets/missing-408c62833ba40df558fa15d6dea581b920e7fb644468c06b2d565dc1eaf686f8.png",
                },
                "position_name": "Аналитик",
                "profile_id": 28,
              },
              Object {
                "departments_chain": Array [
                  Object {
                    "code": "INV",
                    "company_id": null,
                    "created_at": "2017-08-30T21:51:58.730Z",
                    "id": 6,
                    "legal_unit_id": 2,
                    "logo": Object {
                      "url": null,
                    },
                    "manager_id": null,
                    "name_ru": "Управление брендом",
                    "parent_id": null,
                    "region": null,
                    "updated_at": "2017-10-05T14:53:01.947Z",
                  },
                  Object {
                    "code": "SPORT",
                    "company_id": null,
                    "created_at": "2017-08-21T15:24:39.450Z",
                    "id": 5,
                    "legal_unit_id": 2,
                    "logo": Object {
                      "url": null,
                    },
                    "manager_id": null,
                    "name_ru": "Церемонии",
                    "parent_id": 6,
                    "region": null,
                    "updated_at": "2017-10-05T14:52:22.701Z",
                  },
                ],
                "email": "vlitvinovskaya@phoenixit.ru",
                "email_corporate": "",
                "email_private": null,
                "email_work": "",
                "full_name": "Литвиновская Виктория Андреевна",
                "fullname": "Литвиновская Виктория Андреевна",
                "id": 34,
                "photo": Object {
                  "for_community": Object {
                    "url": "/assets/for_community_missing-b4f8a53e68d54f5cbac13188d8bf4b02d19b8f53a3675d3ee3b20dbe774f8155.png",
                  },
                  "for_profile": Object {
                    "url": "/assets/for_profile_missing-3657db474bfb89493ca65924eb79e5524e1d9f39ce157404483d14d94d69db44.png",
                  },
                  "thumb": Object {
                    "url": "/assets/thumb_missing-f015378f0e113aa915f555c42fef4271455cce2836370ddbdb9c4b8c0a6d368e.png",
                  },
                  "url": "/assets/missing-408c62833ba40df558fa15d6dea581b920e7fb644468c06b2d565dc1eaf686f8.png",
                },
                "position_name": "Ведущий консультант",
                "profile_id": 29,
              },
              Object {
                "departments_chain": Array [
                  Object {
                    "code": "INV",
                    "company_id": null,
                    "created_at": "2017-08-30T21:51:58.730Z",
                    "id": 6,
                    "legal_unit_id": 2,
                    "logo": Object {
                      "url": null,
                    },
                    "manager_id": null,
                    "name_ru": "Управление брендом",
                    "parent_id": null,
                    "region": null,
                    "updated_at": "2017-10-05T14:53:01.947Z",
                  },
                  Object {
                    "code": "SPORT",
                    "company_id": null,
                    "created_at": "2017-08-21T15:24:39.450Z",
                    "id": 5,
                    "legal_unit_id": 2,
                    "logo": Object {
                      "url": null,
                    },
                    "manager_id": null,
                    "name_ru": "Церемонии",
                    "parent_id": 6,
                    "region": null,
                    "updated_at": "2017-10-05T14:52:22.701Z",
                  },
                ],
                "email": "iloschakov@phoenixit.ru",
                "email_corporate": "",
                "email_private": null,
                "email_work": "",
                "full_name": "Лощаков Илья Евгеньевич",
                "fullname": "Лощаков Илья Евгеньевич",
                "id": 35,
                "photo": Object {
                  "for_community": Object {
                    "url": "/assets/for_community_missing-b4f8a53e68d54f5cbac13188d8bf4b02d19b8f53a3675d3ee3b20dbe774f8155.png",
                  },
                  "for_profile": Object {
                    "url": "/assets/for_profile_missing-3657db474bfb89493ca65924eb79e5524e1d9f39ce157404483d14d94d69db44.png",
                  },
                  "thumb": Object {
                    "url": "/assets/thumb_missing-f015378f0e113aa915f555c42fef4271455cce2836370ddbdb9c4b8c0a6d368e.png",
                  },
                  "url": "/assets/missing-408c62833ba40df558fa15d6dea581b920e7fb644468c06b2d565dc1eaf686f8.png",
                },
                "position_name": "Аналитик",
                "profile_id": 30,
              },
              Object {
                "departments_chain": Array [
                  Object {
                    "code": "INV",
                    "company_id": null,
                    "created_at": "2017-08-30T21:51:58.730Z",
                    "id": 6,
                    "legal_unit_id": 2,
                    "logo": Object {
                      "url": null,
                    },
                    "manager_id": null,
                    "name_ru": "Управление брендом",
                    "parent_id": null,
                    "region": null,
                    "updated_at": "2017-10-05T14:53:01.947Z",
                  },
                  Object {
                    "code": "SPORT",
                    "company_id": null,
                    "created_at": "2017-08-21T15:24:39.450Z",
                    "id": 5,
                    "legal_unit_id": 2,
                    "logo": Object {
                      "url": null,
                    },
                    "manager_id": null,
                    "name_ru": "Церемонии",
                    "parent_id": 6,
                    "region": null,
                    "updated_at": "2017-10-05T14:52:22.701Z",
                  },
                ],
                "email": "amakeykina@phoenixit.ru",
                "email_corporate": "",
                "email_private": null,
                "email_work": "",
                "full_name": "Макейкина Анастасия Александровна",
                "fullname": "Макейкина Анастасия Александровна",
                "id": 36,
                "photo": Object {
                  "for_community": Object {
                    "url": "/assets/for_community_missing-b4f8a53e68d54f5cbac13188d8bf4b02d19b8f53a3675d3ee3b20dbe774f8155.png",
                  },
                  "for_profile": Object {
                    "url": "/assets/for_profile_missing-3657db474bfb89493ca65924eb79e5524e1d9f39ce157404483d14d94d69db44.png",
                  },
                  "thumb": Object {
                    "url": "/assets/thumb_missing-f015378f0e113aa915f555c42fef4271455cce2836370ddbdb9c4b8c0a6d368e.png",
                  },
                  "url": "/assets/missing-408c62833ba40df558fa15d6dea581b920e7fb644468c06b2d565dc1eaf686f8.png",
                },
                "position_name": "Аналитик",
                "profile_id": 31,
              },
              Object {
                "departments_chain": Array [
                  Object {
                    "code": "INV",
                    "company_id": null,
                    "created_at": "2017-08-30T21:51:58.730Z",
                    "id": 6,
                    "legal_unit_id": 2,
                    "logo": Object {
                      "url": null,
                    },
                    "manager_id": null,
                    "name_ru": "Управление брендом",
                    "parent_id": null,
                    "region": null,
                    "updated_at": "2017-10-05T14:53:01.947Z",
                  },
                  Object {
                    "code": "SPORT",
                    "company_id": null,
                    "created_at": "2017-08-21T15:24:39.450Z",
                    "id": 5,
                    "legal_unit_id": 2,
                    "logo": Object {
                      "url": null,
                    },
                    "manager_id": null,
                    "name_ru": "Церемонии",
                    "parent_id": 6,
                    "region": null,
                    "updated_at": "2017-10-05T14:52:22.701Z",
                  },
                ],
                "email": "omendueva@phoenixit.ru",
                "email_corporate": "",
                "email_private": null,
                "email_work": "",
                "full_name": "Мендуева Олеся Олеговна",
                "fullname": "Мендуева Олеся Олеговна",
                "id": 37,
                "photo": Object {
                  "for_community": Object {
                    "url": "/assets/for_community_missing-b4f8a53e68d54f5cbac13188d8bf4b02d19b8f53a3675d3ee3b20dbe774f8155.png",
                  },
                  "for_profile": Object {
                    "url": "/assets/for_profile_missing-3657db474bfb89493ca65924eb79e5524e1d9f39ce157404483d14d94d69db44.png",
                  },
                  "thumb": Object {
                    "url": "/assets/thumb_missing-f015378f0e113aa915f555c42fef4271455cce2836370ddbdb9c4b8c0a6d368e.png",
                  },
                  "url": "/assets/missing-408c62833ba40df558fa15d6dea581b920e7fb644468c06b2d565dc1eaf686f8.png",
                },
                "position_name": "Ведущий консультант",
                "profile_id": 32,
              },
              Object {
                "departments_chain": Array [
                  Object {
                    "code": "INV",
                    "company_id": null,
                    "created_at": "2017-08-30T21:51:58.730Z",
                    "id": 6,
                    "legal_unit_id": 2,
                    "logo": Object {
                      "url": null,
                    },
                    "manager_id": null,
                    "name_ru": "Управление брендом",
                    "parent_id": null,
                    "region": null,
                    "updated_at": "2017-10-05T14:53:01.947Z",
                  },
                  Object {
                    "code": "SPORT",
                    "company_id": null,
                    "created_at": "2017-08-21T15:24:39.450Z",
                    "id": 5,
                    "legal_unit_id": 2,
                    "logo": Object {
                      "url": null,
                    },
                    "manager_id": null,
                    "name_ru": "Церемонии",
                    "parent_id": 6,
                    "region": null,
                    "updated_at": "2017-10-05T14:52:22.701Z",
                  },
                ],
                "email": "vmytskih@phoenixit.ru",
                "email_corporate": "",
                "email_private": null,
                "email_work": "",
                "full_name": "Мыцких Виталий Андреевч",
                "fullname": "Мыцких Виталий Андреевч",
                "id": 39,
                "photo": Object {
                  "for_community": Object {
                    "url": "/assets/for_community_missing-b4f8a53e68d54f5cbac13188d8bf4b02d19b8f53a3675d3ee3b20dbe774f8155.png",
                  },
                  "for_profile": Object {
                    "url": "/assets/for_profile_missing-3657db474bfb89493ca65924eb79e5524e1d9f39ce157404483d14d94d69db44.png",
                  },
                  "thumb": Object {
                    "url": "/assets/thumb_missing-f015378f0e113aa915f555c42fef4271455cce2836370ddbdb9c4b8c0a6d368e.png",
                  },
                  "url": "/assets/missing-408c62833ba40df558fa15d6dea581b920e7fb644468c06b2d565dc1eaf686f8.png",
                },
                "position_name": "Аналитик",
                "profile_id": 34,
              },
              Object {
                "departments_chain": Array [
                  Object {
                    "code": "INV",
                    "company_id": null,
                    "created_at": "2017-08-30T21:51:58.730Z",
                    "id": 6,
                    "legal_unit_id": 2,
                    "logo": Object {
                      "url": null,
                    },
                    "manager_id": null,
                    "name_ru": "Управление брендом",
                    "parent_id": null,
                    "region": null,
                    "updated_at": "2017-10-05T14:53:01.947Z",
                  },
                  Object {
                    "code": "SPORT",
                    "company_id": null,
                    "created_at": "2017-08-21T15:24:39.450Z",
                    "id": 5,
                    "legal_unit_id": 2,
                    "logo": Object {
                      "url": null,
                    },
                    "manager_id": null,
                    "name_ru": "Церемонии",
                    "parent_id": 6,
                    "region": null,
                    "updated_at": "2017-10-05T14:52:22.701Z",
                  },
                ],
                "email": "vnasonov@phoenixit.ru",
                "email_corporate": "",
                "email_private": "",
                "email_work": "",
                "full_name": "Насонов Виктор Владимирович",
                "fullname": "Насонов Виктор Владимирович",
                "id": 40,
                "photo": Object {
                  "for_community": Object {
                    "url": "/assets/for_community_missing-b4f8a53e68d54f5cbac13188d8bf4b02d19b8f53a3675d3ee3b20dbe774f8155.png",
                  },
                  "for_profile": Object {
                    "url": "/assets/for_profile_missing-3657db474bfb89493ca65924eb79e5524e1d9f39ce157404483d14d94d69db44.png",
                  },
                  "thumb": Object {
                    "url": "/assets/thumb_missing-f015378f0e113aa915f555c42fef4271455cce2836370ddbdb9c4b8c0a6d368e.png",
                  },
                  "url": "/assets/missing-408c62833ba40df558fa15d6dea581b920e7fb644468c06b2d565dc1eaf686f8.png",
                },
                "position_name": "Специалист",
                "profile_id": 35,
              },
              Object {
                "departments_chain": Array [
                  Object {
                    "code": "INV",
                    "company_id": null,
                    "created_at": "2017-08-30T21:51:58.730Z",
                    "id": 6,
                    "legal_unit_id": 2,
                    "logo": Object {
                      "url": null,
                    },
                    "manager_id": null,
                    "name_ru": "Управление брендом",
                    "parent_id": null,
                    "region": null,
                    "updated_at": "2017-10-05T14:53:01.947Z",
                  },
                  Object {
                    "code": "SPORT",
                    "company_id": null,
                    "created_at": "2017-08-21T15:24:39.450Z",
                    "id": 5,
                    "legal_unit_id": 2,
                    "logo": Object {
                      "url": null,
                    },
                    "manager_id": null,
                    "name_ru": "Церемонии",
                    "parent_id": 6,
                    "region": null,
                    "updated_at": "2017-10-05T14:52:22.701Z",
                  },
                ],
                "email": "pnechaev@phoenixit.ru",
                "email_corporate": "",
                "email_private": null,
                "email_work": "",
                "full_name": "Нечаев Павел Владимирович",
                "fullname": "Нечаев Павел Владимирович",
                "id": 41,
                "photo": Object {
                  "for_community": Object {
                    "url": "/assets/for_community_missing-b4f8a53e68d54f5cbac13188d8bf4b02d19b8f53a3675d3ee3b20dbe774f8155.png",
                  },
                  "for_profile": Object {
                    "url": "/assets/for_profile_missing-3657db474bfb89493ca65924eb79e5524e1d9f39ce157404483d14d94d69db44.png",
                  },
                  "thumb": Object {
                    "url": "/assets/thumb_missing-f015378f0e113aa915f555c42fef4271455cce2836370ddbdb9c4b8c0a6d368e.png",
                  },
                  "url": "/assets/missing-408c62833ba40df558fa15d6dea581b920e7fb644468c06b2d565dc1eaf686f8.png",
                },
                "position_name": "Ведущий консультант",
                "profile_id": 36,
              },
              Object {
                "departments_chain": Array [
                  Object {
                    "code": "INV",
                    "company_id": null,
                    "created_at": "2017-08-30T21:51:58.730Z",
                    "id": 6,
                    "legal_unit_id": 2,
                    "logo": Object {
                      "url": null,
                    },
                    "manager_id": null,
                    "name_ru": "Управление брендом",
                    "parent_id": null,
                    "region": null,
                    "updated_at": "2017-10-05T14:53:01.947Z",
                  },
                  Object {
                    "code": "SPORT",
                    "company_id": null,
                    "created_at": "2017-08-21T15:24:39.450Z",
                    "id": 5,
                    "legal_unit_id": 2,
                    "logo": Object {
                      "url": null,
                    },
                    "manager_id": null,
                    "name_ru": "Церемонии",
                    "parent_id": 6,
                    "region": null,
                    "updated_at": "2017-10-05T14:52:22.701Z",
                  },
                ],
                "email": "sovsyannikova@phoenixit.ru",
                "email_corporate": "",
                "email_private": "",
                "email_work": "",
                "full_name": "Овсянникова Софья Вадимовна",
                "fullname": "Овсянникова Софья Вадимовна",
                "id": 42,
                "photo": Object {
                  "for_community": Object {
                    "url": "/assets/for_community_missing-b4f8a53e68d54f5cbac13188d8bf4b02d19b8f53a3675d3ee3b20dbe774f8155.png",
                  },
                  "for_profile": Object {
                    "url": "/assets/for_profile_missing-3657db474bfb89493ca65924eb79e5524e1d9f39ce157404483d14d94d69db44.png",
                  },
                  "thumb": Object {
                    "url": "/assets/thumb_missing-f015378f0e113aa915f555c42fef4271455cce2836370ddbdb9c4b8c0a6d368e.png",
                  },
                  "url": "/assets/missing-408c62833ba40df558fa15d6dea581b920e7fb644468c06b2d565dc1eaf686f8.png",
                },
                "position_name": "Аналитик",
                "profile_id": 37,
              },
              Object {
                "departments_chain": Array [
                  Object {
                    "code": "INV",
                    "company_id": null,
                    "created_at": "2017-08-30T21:51:58.730Z",
                    "id": 6,
                    "legal_unit_id": 2,
                    "logo": Object {
                      "url": null,
                    },
                    "manager_id": null,
                    "name_ru": "Управление брендом",
                    "parent_id": null,
                    "region": null,
                    "updated_at": "2017-10-05T14:53:01.947Z",
                  },
                  Object {
                    "code": "SPORT",
                    "company_id": null,
                    "created_at": "2017-08-21T15:24:39.450Z",
                    "id": 5,
                    "legal_unit_id": 2,
                    "logo": Object {
                      "url": null,
                    },
                    "manager_id": null,
                    "name_ru": "Церемонии",
                    "parent_id": 6,
                    "region": null,
                    "updated_at": "2017-10-05T14:52:22.701Z",
                  },
                ],
                "email": "uotmahova@phoenixit.ru",
                "email_corporate": "",
                "email_private": null,
                "email_work": "",
                "full_name": "Отмахова Ульяна Андреевна",
                "fullname": "Отмахова Ульяна Андреевна",
                "id": 43,
                "photo": Object {
                  "for_community": Object {
                    "url": "/assets/for_community_missing-b4f8a53e68d54f5cbac13188d8bf4b02d19b8f53a3675d3ee3b20dbe774f8155.png",
                  },
                  "for_profile": Object {
                    "url": "/assets/for_profile_missing-3657db474bfb89493ca65924eb79e5524e1d9f39ce157404483d14d94d69db44.png",
                  },
                  "thumb": Object {
                    "url": "/assets/thumb_missing-f015378f0e113aa915f555c42fef4271455cce2836370ddbdb9c4b8c0a6d368e.png",
                  },
                  "url": "/assets/missing-408c62833ba40df558fa15d6dea581b920e7fb644468c06b2d565dc1eaf686f8.png",
                },
                "position_name": "Аналитик",
                "profile_id": 38,
              },
              Object {
                "departments_chain": Array [
                  Object {
                    "code": "INV",
                    "company_id": null,
                    "created_at": "2017-08-30T21:51:58.730Z",
                    "id": 6,
                    "legal_unit_id": 2,
                    "logo": Object {
                      "url": null,
                    },
                    "manager_id": null,
                    "name_ru": "Управление брендом",
                    "parent_id": null,
                    "region": null,
                    "updated_at": "2017-10-05T14:53:01.947Z",
                  },
                  Object {
                    "code": "SPORT",
                    "company_id": null,
                    "created_at": "2017-08-21T15:24:39.450Z",
                    "id": 5,
                    "legal_unit_id": 2,
                    "logo": Object {
                      "url": null,
                    },
                    "manager_id": null,
                    "name_ru": "Церемонии",
                    "parent_id": 6,
                    "region": null,
                    "updated_at": "2017-10-05T14:52:22.701Z",
                  },
                ],
                "email": "gpastuhov@phoenixit.ru",
                "email_corporate": "",
                "email_private": null,
                "email_work": "",
                "full_name": "Пастухов Григорий Викторович",
                "fullname": "Пастухов Григорий Викторович",
                "id": 45,
                "photo": Object {
                  "for_community": Object {
                    "url": "/assets/for_community_missing-b4f8a53e68d54f5cbac13188d8bf4b02d19b8f53a3675d3ee3b20dbe774f8155.png",
                  },
                  "for_profile": Object {
                    "url": "/assets/for_profile_missing-3657db474bfb89493ca65924eb79e5524e1d9f39ce157404483d14d94d69db44.png",
                  },
                  "thumb": Object {
                    "url": "/assets/thumb_missing-f015378f0e113aa915f555c42fef4271455cce2836370ddbdb9c4b8c0a6d368e.png",
                  },
                  "url": "/assets/missing-408c62833ba40df558fa15d6dea581b920e7fb644468c06b2d565dc1eaf686f8.png",
                },
                "position_name": "Директор направления",
                "profile_id": 40,
              },
              Object {
                "departments_chain": Array [
                  Object {
                    "code": "INV",
                    "company_id": null,
                    "created_at": "2017-08-30T21:51:58.730Z",
                    "id": 6,
                    "legal_unit_id": 2,
                    "logo": Object {
                      "url": null,
                    },
                    "manager_id": null,
                    "name_ru": "Управление брендом",
                    "parent_id": null,
                    "region": null,
                    "updated_at": "2017-10-05T14:53:01.947Z",
                  },
                  Object {
                    "code": "SPORT",
                    "company_id": null,
                    "created_at": "2017-08-21T15:24:39.450Z",
                    "id": 5,
                    "legal_unit_id": 2,
                    "logo": Object {
                      "url": null,
                    },
                    "manager_id": null,
                    "name_ru": "Церемонии",
                    "parent_id": 6,
                    "region": null,
                    "updated_at": "2017-10-05T14:52:22.701Z",
                  },
                ],
                "email": "vsaburova@phoenixit.ru",
                "email_corporate": "",
                "email_private": "",
                "email_work": "",
                "full_name": "Сабурова Виктория Игоревна",
                "fullname": "Сабурова Виктория Игоревна",
                "id": 46,
                "photo": Object {
                  "for_community": Object {
                    "url": "/assets/for_community_missing-b4f8a53e68d54f5cbac13188d8bf4b02d19b8f53a3675d3ee3b20dbe774f8155.png",
                  },
                  "for_profile": Object {
                    "url": "/assets/for_profile_missing-3657db474bfb89493ca65924eb79e5524e1d9f39ce157404483d14d94d69db44.png",
                  },
                  "thumb": Object {
                    "url": "/assets/thumb_missing-f015378f0e113aa915f555c42fef4271455cce2836370ddbdb9c4b8c0a6d368e.png",
                  },
                  "url": "/assets/missing-408c62833ba40df558fa15d6dea581b920e7fb644468c06b2d565dc1eaf686f8.png",
                },
                "position_name": "Аналитик",
                "profile_id": 41,
              },
              Object {
                "departments_chain": Array [
                  Object {
                    "code": "INV",
                    "company_id": null,
                    "created_at": "2017-08-30T21:51:58.730Z",
                    "id": 6,
                    "legal_unit_id": 2,
                    "logo": Object {
                      "url": null,
                    },
                    "manager_id": null,
                    "name_ru": "Управление брендом",
                    "parent_id": null,
                    "region": null,
                    "updated_at": "2017-10-05T14:53:01.947Z",
                  },
                  Object {
                    "code": "SPORT",
                    "company_id": null,
                    "created_at": "2017-08-21T15:24:39.450Z",
                    "id": 5,
                    "legal_unit_id": 2,
                    "logo": Object {
                      "url": null,
                    },
                    "manager_id": null,
                    "name_ru": "Церемонии",
                    "parent_id": 6,
                    "region": null,
                    "updated_at": "2017-10-05T14:52:22.701Z",
                  },
                ],
                "email": "dsazonov@phoenixit.ru",
                "email_corporate": "",
                "email_private": "",
                "email_work": "",
                "full_name": "Сазонов Дмитрий Батькович",
                "fullname": "Сазонов Дмитрий Батькович",
                "id": 47,
                "photo": Object {
                  "for_community": Object {
                    "url": "/assets/for_community_missing-b4f8a53e68d54f5cbac13188d8bf4b02d19b8f53a3675d3ee3b20dbe774f8155.png",
                  },
                  "for_profile": Object {
                    "url": "/assets/for_profile_missing-3657db474bfb89493ca65924eb79e5524e1d9f39ce157404483d14d94d69db44.png",
                  },
                  "thumb": Object {
                    "url": "/assets/thumb_missing-f015378f0e113aa915f555c42fef4271455cce2836370ddbdb9c4b8c0a6d368e.png",
                  },
                  "url": "/assets/missing-408c62833ba40df558fa15d6dea581b920e7fb644468c06b2d565dc1eaf686f8.png",
                },
                "position_name": "Программист",
                "profile_id": 42,
              },
              Object {
                "departments_chain": Array [
                  Object {
                    "code": "INV",
                    "company_id": null,
                    "created_at": "2017-08-30T21:51:58.730Z",
                    "id": 6,
                    "legal_unit_id": 2,
                    "logo": Object {
                      "url": null,
                    },
                    "manager_id": null,
                    "name_ru": "Управление брендом",
                    "parent_id": null,
                    "region": null,
                    "updated_at": "2017-10-05T14:53:01.947Z",
                  },
                  Object {
                    "code": "SPORT",
                    "company_id": null,
                    "created_at": "2017-08-21T15:24:39.450Z",
                    "id": 5,
                    "legal_unit_id": 2,
                    "logo": Object {
                      "url": null,
                    },
                    "manager_id": null,
                    "name_ru": "Церемонии",
                    "parent_id": 6,
                    "region": null,
                    "updated_at": "2017-10-05T14:52:22.701Z",
                  },
                ],
                "email": "msemenova@phoenixit.ru",
                "email_corporate": "",
                "email_private": null,
                "email_work": "",
                "full_name": "Семенова Марина Михайловна",
                "fullname": "Семенова Марина Михайловна",
                "id": 48,
                "photo": Object {
                  "for_community": Object {
                    "url": "/assets/for_community_missing-b4f8a53e68d54f5cbac13188d8bf4b02d19b8f53a3675d3ee3b20dbe774f8155.png",
                  },
                  "for_profile": Object {
                    "url": "/assets/for_profile_missing-3657db474bfb89493ca65924eb79e5524e1d9f39ce157404483d14d94d69db44.png",
                  },
                  "thumb": Object {
                    "url": "/assets/thumb_missing-f015378f0e113aa915f555c42fef4271455cce2836370ddbdb9c4b8c0a6d368e.png",
                  },
                  "url": "/assets/missing-408c62833ba40df558fa15d6dea581b920e7fb644468c06b2d565dc1eaf686f8.png",
                },
                "position_name": "Специалист",
                "profile_id": 43,
              },
              Object {
                "departments_chain": Array [
                  Object {
                    "code": "INV",
                    "company_id": null,
                    "created_at": "2017-08-30T21:51:58.730Z",
                    "id": 6,
                    "legal_unit_id": 2,
                    "logo": Object {
                      "url": null,
                    },
                    "manager_id": null,
                    "name_ru": "Управление брендом",
                    "parent_id": null,
                    "region": null,
                    "updated_at": "2017-10-05T14:53:01.947Z",
                  },
                  Object {
                    "code": "SPORT",
                    "company_id": null,
                    "created_at": "2017-08-21T15:24:39.450Z",
                    "id": 5,
                    "legal_unit_id": 2,
                    "logo": Object {
                      "url": null,
                    },
                    "manager_id": null,
                    "name_ru": "Церемонии",
                    "parent_id": 6,
                    "region": null,
                    "updated_at": "2017-10-05T14:52:22.701Z",
                  },
                ],
                "email": "asemiryazhko@phoenixit.ru",
                "email_corporate": "",
                "email_private": null,
                "email_work": "",
                "full_name": "Семиряжко Артём Александрович",
                "fullname": "Семиряжко Артём Александрович",
                "id": 49,
                "photo": Object {
                  "for_community": Object {
                    "url": "/assets/for_community_missing-b4f8a53e68d54f5cbac13188d8bf4b02d19b8f53a3675d3ee3b20dbe774f8155.png",
                  },
                  "for_profile": Object {
                    "url": "/assets/for_profile_missing-3657db474bfb89493ca65924eb79e5524e1d9f39ce157404483d14d94d69db44.png",
                  },
                  "thumb": Object {
                    "url": "/assets/thumb_missing-f015378f0e113aa915f555c42fef4271455cce2836370ddbdb9c4b8c0a6d368e.png",
                  },
                  "url": "/assets/missing-408c62833ba40df558fa15d6dea581b920e7fb644468c06b2d565dc1eaf686f8.png",
                },
                "position_name": null,
                "profile_id": 44,
              },
              Object {
                "departments_chain": Array [
                  Object {
                    "code": "INV",
                    "company_id": null,
                    "created_at": "2017-08-30T21:51:58.730Z",
                    "id": 6,
                    "legal_unit_id": 2,
                    "logo": Object {
                      "url": null,
                    },
                    "manager_id": null,
                    "name_ru": "Управление брендом",
                    "parent_id": null,
                    "region": null,
                    "updated_at": "2017-10-05T14:53:01.947Z",
                  },
                  Object {
                    "code": "SPORT",
                    "company_id": null,
                    "created_at": "2017-08-21T15:24:39.450Z",
                    "id": 5,
                    "legal_unit_id": 2,
                    "logo": Object {
                      "url": null,
                    },
                    "manager_id": null,
                    "name_ru": "Церемонии",
                    "parent_id": 6,
                    "region": null,
                    "updated_at": "2017-10-05T14:52:22.701Z",
                  },
                ],
                "email": "sstolyarov@phoenixit.ru",
                "email_corporate": "",
                "email_private": "",
                "email_work": "",
                "full_name": "Столяров Сергей Николаевич",
                "fullname": "Столяров Сергей Николаевич",
                "id": 50,
                "photo": Object {
                  "for_community": Object {
                    "url": "/assets/for_community_missing-b4f8a53e68d54f5cbac13188d8bf4b02d19b8f53a3675d3ee3b20dbe774f8155.png",
                  },
                  "for_profile": Object {
                    "url": "/assets/for_profile_missing-3657db474bfb89493ca65924eb79e5524e1d9f39ce157404483d14d94d69db44.png",
                  },
                  "thumb": Object {
                    "url": "/assets/thumb_missing-f015378f0e113aa915f555c42fef4271455cce2836370ddbdb9c4b8c0a6d368e.png",
                  },
                  "url": "/assets/missing-408c62833ba40df558fa15d6dea581b920e7fb644468c06b2d565dc1eaf686f8.png",
                },
                "position_name": "Старший специалист по тестированию",
                "profile_id": 45,
              },
              Object {
                "departments_chain": Array [
                  Object {
                    "code": "INV",
                    "company_id": null,
                    "created_at": "2017-08-30T21:51:58.730Z",
                    "id": 6,
                    "legal_unit_id": 2,
                    "logo": Object {
                      "url": null,
                    },
                    "manager_id": null,
                    "name_ru": "Управление брендом",
                    "parent_id": null,
                    "region": null,
                    "updated_at": "2017-10-05T14:53:01.947Z",
                  },
                  Object {
                    "code": "SPORT",
                    "company_id": null,
                    "created_at": "2017-08-21T15:24:39.450Z",
                    "id": 5,
                    "legal_unit_id": 2,
                    "logo": Object {
                      "url": null,
                    },
                    "manager_id": null,
                    "name_ru": "Церемонии",
                    "parent_id": 6,
                    "region": null,
                    "updated_at": "2017-10-05T14:52:22.701Z",
                  },
                ],
                "email": "osundukova@phoenixit.ru",
                "email_corporate": "",
                "email_private": "",
                "email_work": "",
                "full_name": "Сундукова Ольга Александровна",
                "fullname": "Сундукова Ольга Александровна",
                "id": 51,
                "photo": Object {
                  "for_community": Object {
                    "url": "/assets/for_community_missing-b4f8a53e68d54f5cbac13188d8bf4b02d19b8f53a3675d3ee3b20dbe774f8155.png",
                  },
                  "for_profile": Object {
                    "url": "/assets/for_profile_missing-3657db474bfb89493ca65924eb79e5524e1d9f39ce157404483d14d94d69db44.png",
                  },
                  "thumb": Object {
                    "url": "/assets/thumb_missing-f015378f0e113aa915f555c42fef4271455cce2836370ddbdb9c4b8c0a6d368e.png",
                  },
                  "url": "/assets/missing-408c62833ba40df558fa15d6dea581b920e7fb644468c06b2d565dc1eaf686f8.png",
                },
                "position_name": "Ведущий аналитик",
                "profile_id": 46,
              },
              Object {
                "departments_chain": Array [
                  Object {
                    "code": "INV",
                    "company_id": null,
                    "created_at": "2017-08-30T21:51:58.730Z",
                    "id": 6,
                    "legal_unit_id": 2,
                    "logo": Object {
                      "url": null,
                    },
                    "manager_id": null,
                    "name_ru": "Управление брендом",
                    "parent_id": null,
                    "region": null,
                    "updated_at": "2017-10-05T14:53:01.947Z",
                  },
                  Object {
                    "code": "SPORT",
                    "company_id": null,
                    "created_at": "2017-08-21T15:24:39.450Z",
                    "id": 5,
                    "legal_unit_id": 2,
                    "logo": Object {
                      "url": null,
                    },
                    "manager_id": null,
                    "name_ru": "Церемонии",
                    "parent_id": 6,
                    "region": null,
                    "updated_at": "2017-10-05T14:52:22.701Z",
                  },
                ],
                "email": "nsysoev@phoenixit.ru",
                "email_corporate": "",
                "email_private": null,
                "email_work": "",
                "full_name": "Сысоев Никита Александрович",
                "fullname": "Сысоев Никита Александрович",
                "id": 52,
                "photo": Object {
                  "for_community": Object {
                    "url": "/assets/for_community_missing-b4f8a53e68d54f5cbac13188d8bf4b02d19b8f53a3675d3ee3b20dbe774f8155.png",
                  },
                  "for_profile": Object {
                    "url": "/assets/for_profile_missing-3657db474bfb89493ca65924eb79e5524e1d9f39ce157404483d14d94d69db44.png",
                  },
                  "thumb": Object {
                    "url": "/assets/thumb_missing-f015378f0e113aa915f555c42fef4271455cce2836370ddbdb9c4b8c0a6d368e.png",
                  },
                  "url": "/assets/missing-408c62833ba40df558fa15d6dea581b920e7fb644468c06b2d565dc1eaf686f8.png",
                },
                "position_name": "Аналитик",
                "profile_id": 47,
              },
              Object {
                "departments_chain": Array [
                  Object {
                    "code": "INV",
                    "company_id": null,
                    "created_at": "2017-08-30T21:51:58.730Z",
                    "id": 6,
                    "legal_unit_id": 2,
                    "logo": Object {
                      "url": null,
                    },
                    "manager_id": null,
                    "name_ru": "Управление брендом",
                    "parent_id": null,
                    "region": null,
                    "updated_at": "2017-10-05T14:53:01.947Z",
                  },
                  Object {
                    "code": "SPORT",
                    "company_id": null,
                    "created_at": "2017-08-21T15:24:39.450Z",
                    "id": 5,
                    "legal_unit_id": 2,
                    "logo": Object {
                      "url": null,
                    },
                    "manager_id": null,
                    "name_ru": "Церемонии",
                    "parent_id": 6,
                    "region": null,
                    "updated_at": "2017-10-05T14:52:22.701Z",
                  },
                ],
                "email": "asyanov@phoenixit.ru",
                "email_corporate": "",
                "email_private": null,
                "email_work": "",
                "full_name": "Сьянов Александр Вячеславович",
                "fullname": "Сьянов Александр Вячеславович",
                "id": 53,
                "photo": Object {
                  "for_community": Object {
                    "url": "/assets/for_community_missing-b4f8a53e68d54f5cbac13188d8bf4b02d19b8f53a3675d3ee3b20dbe774f8155.png",
                  },
                  "for_profile": Object {
                    "url": "/assets/for_profile_missing-3657db474bfb89493ca65924eb79e5524e1d9f39ce157404483d14d94d69db44.png",
                  },
                  "thumb": Object {
                    "url": "/assets/thumb_missing-f015378f0e113aa915f555c42fef4271455cce2836370ddbdb9c4b8c0a6d368e.png",
                  },
                  "url": "/assets/missing-408c62833ba40df558fa15d6dea581b920e7fb644468c06b2d565dc1eaf686f8.png",
                },
                "position_name": "Специалист",
                "profile_id": 48,
              },
              Object {
                "departments_chain": Array [
                  Object {
                    "code": "INV",
                    "company_id": null,
                    "created_at": "2017-08-30T21:51:58.730Z",
                    "id": 6,
                    "legal_unit_id": 2,
                    "logo": Object {
                      "url": null,
                    },
                    "manager_id": null,
                    "name_ru": "Управление брендом",
                    "parent_id": null,
                    "region": null,
                    "updated_at": "2017-10-05T14:53:01.947Z",
                  },
                  Object {
                    "code": "SPORT",
                    "company_id": null,
                    "created_at": "2017-08-21T15:24:39.450Z",
                    "id": 5,
                    "legal_unit_id": 2,
                    "logo": Object {
                      "url": null,
                    },
                    "manager_id": null,
                    "name_ru": "Церемонии",
                    "parent_id": 6,
                    "region": null,
                    "updated_at": "2017-10-05T14:52:22.701Z",
                  },
                ],
                "email": "ktarasov@phoenixit.ru",
                "email_corporate": "",
                "email_private": "",
                "email_work": "",
                "full_name": "Тарасов Константин Андреевич",
                "fullname": "Тарасов Константин Андреевич",
                "id": 54,
                "photo": Object {
                  "for_community": Object {
                    "url": "/assets/for_community_missing-b4f8a53e68d54f5cbac13188d8bf4b02d19b8f53a3675d3ee3b20dbe774f8155.png",
                  },
                  "for_profile": Object {
                    "url": "/assets/for_profile_missing-3657db474bfb89493ca65924eb79e5524e1d9f39ce157404483d14d94d69db44.png",
                  },
                  "thumb": Object {
                    "url": "/assets/thumb_missing-f015378f0e113aa915f555c42fef4271455cce2836370ddbdb9c4b8c0a6d368e.png",
                  },
                  "url": "/assets/missing-408c62833ba40df558fa15d6dea581b920e7fb644468c06b2d565dc1eaf686f8.png",
                },
                "position_name": "Аналитик",
                "profile_id": 49,
              },
              Object {
                "departments_chain": Array [
                  Object {
                    "code": "INV",
                    "company_id": null,
                    "created_at": "2017-08-30T21:51:58.730Z",
                    "id": 6,
                    "legal_unit_id": 2,
                    "logo": Object {
                      "url": null,
                    },
                    "manager_id": null,
                    "name_ru": "Управление брендом",
                    "parent_id": null,
                    "region": null,
                    "updated_at": "2017-10-05T14:53:01.947Z",
                  },
                  Object {
                    "code": "SPORT",
                    "company_id": null,
                    "created_at": "2017-08-21T15:24:39.450Z",
                    "id": 5,
                    "legal_unit_id": 2,
                    "logo": Object {
                      "url": null,
                    },
                    "manager_id": null,
                    "name_ru": "Церемонии",
                    "parent_id": 6,
                    "region": null,
                    "updated_at": "2017-10-05T14:52:22.701Z",
                  },
                ],
                "email": "ifedkina@phoenixit.ru",
                "email_corporate": "",
                "email_private": "",
                "email_work": "",
                "full_name": "Федькина Ирина Валерьевна",
                "fullname": "Федькина Ирина Валерьевна",
                "id": 55,
                "photo": Object {
                  "for_community": Object {
                    "url": "/assets/for_community_missing-b4f8a53e68d54f5cbac13188d8bf4b02d19b8f53a3675d3ee3b20dbe774f8155.png",
                  },
                  "for_profile": Object {
                    "url": "/assets/for_profile_missing-3657db474bfb89493ca65924eb79e5524e1d9f39ce157404483d14d94d69db44.png",
                  },
                  "thumb": Object {
                    "url": "/assets/thumb_missing-f015378f0e113aa915f555c42fef4271455cce2836370ddbdb9c4b8c0a6d368e.png",
                  },
                  "url": "/assets/missing-408c62833ba40df558fa15d6dea581b920e7fb644468c06b2d565dc1eaf686f8.png",
                },
                "position_name": "Старший менеджер",
                "profile_id": 50,
              },
              Object {
                "departments_chain": Array [
                  Object {
                    "code": "INV",
                    "company_id": null,
                    "created_at": "2017-08-30T21:51:58.730Z",
                    "id": 6,
                    "legal_unit_id": 2,
                    "logo": Object {
                      "url": null,
                    },
                    "manager_id": null,
                    "name_ru": "Управление брендом",
                    "parent_id": null,
                    "region": null,
                    "updated_at": "2017-10-05T14:53:01.947Z",
                  },
                  Object {
                    "code": "SPORT",
                    "company_id": null,
                    "created_at": "2017-08-21T15:24:39.450Z",
                    "id": 5,
                    "legal_unit_id": 2,
                    "logo": Object {
                      "url": null,
                    },
                    "manager_id": null,
                    "name_ru": "Церемонии",
                    "parent_id": 6,
                    "region": null,
                    "updated_at": "2017-10-05T14:52:22.701Z",
                  },
                ],
                "email": "sshilin@phoenixit.ru",
                "email_corporate": "",
                "email_private": "",
                "email_work": "",
                "full_name": "Шилин Семён Вячеславович",
                "fullname": "Шилин Семён Вячеславович",
                "id": 56,
                "photo": Object {
                  "for_community": Object {
                    "url": "/assets/for_community_missing-b4f8a53e68d54f5cbac13188d8bf4b02d19b8f53a3675d3ee3b20dbe774f8155.png",
                  },
                  "for_profile": Object {
                    "url": "/assets/for_profile_missing-3657db474bfb89493ca65924eb79e5524e1d9f39ce157404483d14d94d69db44.png",
                  },
                  "thumb": Object {
                    "url": "/assets/thumb_missing-f015378f0e113aa915f555c42fef4271455cce2836370ddbdb9c4b8c0a6d368e.png",
                  },
                  "url": "/assets/missing-408c62833ba40df558fa15d6dea581b920e7fb644468c06b2d565dc1eaf686f8.png",
                },
                "position_name": "Специалист",
                "profile_id": 51,
              },
              Object {
                "departments_chain": Array [
                  Object {
                    "code": "INV",
                    "company_id": null,
                    "created_at": "2017-08-30T21:51:58.730Z",
                    "id": 6,
                    "legal_unit_id": 2,
                    "logo": Object {
                      "url": null,
                    },
                    "manager_id": null,
                    "name_ru": "Управление брендом",
                    "parent_id": null,
                    "region": null,
                    "updated_at": "2017-10-05T14:53:01.947Z",
                  },
                  Object {
                    "code": "SPORT",
                    "company_id": null,
                    "created_at": "2017-08-21T15:24:39.450Z",
                    "id": 5,
                    "legal_unit_id": 2,
                    "logo": Object {
                      "url": null,
                    },
                    "manager_id": null,
                    "name_ru": "Церемонии",
                    "parent_id": 6,
                    "region": null,
                    "updated_at": "2017-10-05T14:52:22.701Z",
                  },
                ],
                "email": "dmishukov@fil-it.ru",
                "email_corporate": "dmishukov@phoenixit.ru",
                "email_private": "mishukov89@gmail.com",
                "email_work": "dmishukov@fil-it.ru",
                "full_name": "Мишуков Дмитрий Михайлович",
                "fullname": "Мишуков Дмитрий Михайлович",
                "id": 6,
                "photo": Object {
                  "for_community": Object {
                    "url": "/uploads/profile/photo/3/for_community_2017-07-19_04.36.35.jpg",
                  },
                  "for_profile": Object {
                    "url": "/uploads/profile/photo/3/for_profile_2017-07-19_04.36.35.jpg",
                  },
                  "thumb": Object {
                    "url": "/uploads/profile/photo/3/thumb_2017-07-19_04.36.35.jpg",
                  },
                  "url": "/uploads/profile/photo/3/2017-07-19_04.36.35.jpg",
                },
                "position_name": "Старший менеджер",
                "profile_id": 3,
              },
              Object {
                "departments_chain": Array [
                  Object {
                    "code": "INV",
                    "company_id": null,
                    "created_at": "2017-08-30T21:51:58.730Z",
                    "id": 6,
                    "legal_unit_id": 2,
                    "logo": Object {
                      "url": null,
                    },
                    "manager_id": null,
                    "name_ru": "Управление брендом",
                    "parent_id": null,
                    "region": null,
                    "updated_at": "2017-10-05T14:53:01.947Z",
                  },
                  Object {
                    "code": "SPORT",
                    "company_id": null,
                    "created_at": "2017-08-21T15:24:39.450Z",
                    "id": 5,
                    "legal_unit_id": 2,
                    "logo": Object {
                      "url": null,
                    },
                    "manager_id": null,
                    "name_ru": "Церемонии",
                    "parent_id": 6,
                    "region": null,
                    "updated_at": "2017-10-05T14:52:22.701Z",
                  },
                ],
                "email": "apanin@phoenixit.ru",
                "email_corporate": "",
                "email_private": "melpan@ya.ru",
                "email_work": "",
                "full_name": "Панин Алексей Андреевич",
                "fullname": "Панин Алексей Андреевич",
                "id": 44,
                "photo": Object {
                  "for_community": Object {
                    "url": "/uploads/profile/photo/39/for_community_1.jpg",
                  },
                  "for_profile": Object {
                    "url": "/uploads/profile/photo/39/for_profile_1.jpg",
                  },
                  "thumb": Object {
                    "url": "/uploads/profile/photo/39/thumb_1.jpg",
                  },
                  "url": "/uploads/profile/photo/39/1.jpg",
                },
                "position_name": "Ведущий консультант",
                "profile_id": 39,
              },
            ],
            "participants_count": 35,
            "region": null,
            "updated_at": "2017-10-05T14:52:22.701Z",
          },
        ],
        "code": "INV",
        "company_id": null,
        "created_at": "2017-08-30T21:51:58.730Z",
        "id": 6,
        "legal_unit_id": 2,
        "logo": Object {
          "url": null,
        },
        "manager_id": null,
        "name_ru": "Управление брендом",
        "parent_id": null,
        "participants": Array [
          Object {
            "departments_chain": Array [
              Object {
                "code": "INV",
                "company_id": null,
                "created_at": "2017-08-30T21:51:58.730Z",
                "id": 6,
                "legal_unit_id": 2,
                "logo": Object {
                  "url": null,
                },
                "manager_id": null,
                "name_ru": "Управление брендом",
                "parent_id": null,
                "region": null,
                "updated_at": "2017-10-05T14:53:01.947Z",
              },
              Object {
                "code": "SPORT",
                "company_id": null,
                "created_at": "2017-08-21T15:24:39.450Z",
                "id": 5,
                "legal_unit_id": 2,
                "logo": Object {
                  "url": null,
                },
                "manager_id": null,
                "name_ru": "Церемонии",
                "parent_id": 6,
                "region": null,
                "updated_at": "2017-10-05T14:52:22.701Z",
              },
            ],
            "email": "dmishukov@fil-it.ru",
            "email_corporate": "",
            "email_private": "mishukov89@gmail.com",
            "email_work": "",
            "full_name": "Мишуков Дмитрий Михайлович",
            "fullname": "Мишуков Дмитрий Михайлович",
            "id": 6,
            "photo": Object {
              "for_community": Object {
                "url": "/uploads/profile/photo/3/for_community_2017-07-19_04.36.35.jpg",
              },
              "for_profile": Object {
                "url": "/uploads/profile/photo/3/for_profile_2017-07-19_04.36.35.jpg",
              },
              "thumb": Object {
                "url": "/uploads/profile/photo/3/thumb_2017-07-19_04.36.35.jpg",
              },
              "url": "/uploads/profile/photo/3/2017-07-19_04.36.35.jpg",
            },
            "position_name": "Фронтенд разработчик",
            "profile_id": 3,
          },
          Object {
            "departments_chain": Array [
              Object {
                "code": "INV",
                "company_id": null,
                "created_at": "2017-08-30T21:51:58.730Z",
                "id": 6,
                "legal_unit_id": 2,
                "logo": Object {
                  "url": null,
                },
                "manager_id": null,
                "name_ru": "Управление брендом",
                "parent_id": null,
                "region": null,
                "updated_at": "2017-10-05T14:53:01.947Z",
              },
            ],
            "email": "dbodaykina@phoenixit.ru",
            "email_corporate": null,
            "email_private": null,
            "email_work": null,
            "full_name": "Бодайкина Дарья Юрьевна",
            "fullname": "Бодайкина Дарья Юрьевна",
            "id": 66,
            "photo": Object {
              "for_community": Object {
                "url": "/assets/for_community_missing-b4f8a53e68d54f5cbac13188d8bf4b02d19b8f53a3675d3ee3b20dbe774f8155.png",
              },
              "for_profile": Object {
                "url": "/assets/for_profile_missing-3657db474bfb89493ca65924eb79e5524e1d9f39ce157404483d14d94d69db44.png",
              },
              "thumb": Object {
                "url": "/assets/thumb_missing-f015378f0e113aa915f555c42fef4271455cce2836370ddbdb9c4b8c0a6d368e.png",
              },
              "url": "/assets/missing-408c62833ba40df558fa15d6dea581b920e7fb644468c06b2d565dc1eaf686f8.png",
            },
            "position_name": null,
            "profile_id": 60,
          },
        ],
        "participants_count": 2,
        "region": null,
        "updated_at": "2017-10-05T14:53:01.947Z",
      },
    ],
    "id": 2,
    "logo": Object {
      "url": null,
    },
    "name": "Университет",
    "updated_at": "2017-10-05T14:38:34.649Z",
    "uuid": "Университет",
  },
]
`;
