// Jest Snapshot v1, https://goo.gl/fbAQLP

exports[`API Template Stages should fetch template stages 1`] = `
Array [
  Object {
    "created_at": "2017-08-09T08:26:22.001Z",
    "id": 1,
    "name": "Базовый",
    "updated_at": "2017-08-09T08:26:22.001Z",
    "vacancy_stages": Array [
      Object {
        "can_create_left": false,
        "can_create_right": false,
        "created_at": "2017-08-15T08:01:21.272Z",
        "editable": false,
        "evaluation_of_candidate": false,
        "group_name": null,
        "id": 113,
        "must_be_last": false,
        "name": "Добавлены",
        "need_notification": false,
        "position": 0,
        "template_stage_id": 1,
        "type_of_rating": "passing",
        "updated_at": "2017-08-15T08:01:21.314Z",
        "vacancy_id": null,
        "vacancy_stage_group": Object {
          "color": "#ffe9bb",
          "created_at": "2017-08-10T15:03:55.026Z",
          "id": 5,
          "label": "Новые",
          "updated_at": "2017-08-10T15:03:55.026Z",
          "value": "new",
        },
        "vacancy_stage_group_id": 5,
      },
      Object {
        "can_create_left": false,
        "can_create_right": true,
        "created_at": "2017-08-15T08:01:21.278Z",
        "editable": false,
        "evaluation_of_candidate": false,
        "group_name": null,
        "id": 114,
        "must_be_last": false,
        "name": "Откликнулись",
        "need_notification": false,
        "position": 1,
        "template_stage_id": 1,
        "type_of_rating": "passing",
        "updated_at": "2017-08-15T08:01:21.317Z",
        "vacancy_id": null,
        "vacancy_stage_group": Object {
          "color": "#ffe9bb",
          "created_at": "2017-08-10T15:03:55.026Z",
          "id": 5,
          "label": "Новые",
          "updated_at": "2017-08-10T15:03:55.026Z",
          "value": "new",
        },
        "vacancy_stage_group_id": 5,
      },
      Object {
        "can_create_left": true,
        "can_create_right": false,
        "created_at": "2017-08-15T08:01:21.283Z",
        "editable": false,
        "evaluation_of_candidate": false,
        "group_name": null,
        "id": 115,
        "must_be_last": false,
        "name": "Принят",
        "need_notification": true,
        "position": 2,
        "template_stage_id": 1,
        "type_of_rating": "ten_point_scale",
        "updated_at": "2017-08-15T08:01:21.319Z",
        "vacancy_id": null,
        "vacancy_stage_group": Object {
          "color": "#ff0",
          "created_at": "2017-08-10T15:03:55.045Z",
          "id": 10,
          "label": "Принят",
          "updated_at": "2017-08-10T15:03:55.045Z",
          "value": "accepted",
        },
        "vacancy_stage_group_id": 10,
      },
      Object {
        "can_create_left": false,
        "can_create_right": false,
        "created_at": "2017-08-15T08:01:21.287Z",
        "editable": false,
        "evaluation_of_candidate": false,
        "group_name": null,
        "id": 116,
        "must_be_last": true,
        "name": "Отказ",
        "need_notification": false,
        "position": null,
        "template_stage_id": 1,
        "type_of_rating": "passing",
        "updated_at": "2017-08-15T08:01:21.320Z",
        "vacancy_id": null,
        "vacancy_stage_group": Object {
          "color": "#0aa",
          "created_at": "2017-08-10T15:03:55.046Z",
          "id": 11,
          "label": "Отказ",
          "updated_at": "2017-08-10T15:03:55.046Z",
          "value": "rejected",
        },
        "vacancy_stage_group_id": 11,
      },
      Object {
        "can_create_left": false,
        "can_create_right": false,
        "created_at": "2017-08-15T08:01:21.291Z",
        "editable": false,
        "evaluation_of_candidate": false,
        "group_name": null,
        "id": 117,
        "must_be_last": true,
        "name": "Архив",
        "need_notification": false,
        "position": null,
        "template_stage_id": 1,
        "type_of_rating": "passing",
        "updated_at": "2017-08-15T16:52:04.096Z",
        "vacancy_id": null,
        "vacancy_stage_group": Object {
          "color": "#aaa",
          "created_at": "2017-08-10T15:03:55.047Z",
          "id": 12,
          "label": "Архив",
          "updated_at": "2017-08-10T15:03:55.047Z",
          "value": "archived",
        },
        "vacancy_stage_group_id": 12,
      },
    ],
  },
  Object {
    "created_at": "2017-08-15T08:01:40.309Z",
    "id": 2,
    "name": "Стандартный",
    "updated_at": "2017-08-15T08:01:40.309Z",
    "vacancy_stages": Array [
      Object {
        "can_create_left": false,
        "can_create_right": false,
        "created_at": "2017-08-15T08:10:09.454Z",
        "editable": false,
        "evaluation_of_candidate": false,
        "group_name": null,
        "id": 127,
        "must_be_last": false,
        "name": "Добавлены",
        "need_notification": false,
        "position": 0,
        "template_stage_id": 2,
        "type_of_rating": null,
        "updated_at": "2017-08-15T08:10:09.458Z",
        "vacancy_id": null,
        "vacancy_stage_group": Object {
          "color": "#ffe9bb",
          "created_at": "2017-08-10T15:03:55.026Z",
          "id": 5,
          "label": "Новые",
          "updated_at": "2017-08-10T15:03:55.026Z",
          "value": "new",
        },
        "vacancy_stage_group_id": 5,
      },
      Object {
        "can_create_left": false,
        "can_create_right": true,
        "created_at": "2017-08-15T08:10:14.726Z",
        "editable": false,
        "evaluation_of_candidate": false,
        "group_name": null,
        "id": 128,
        "must_be_last": false,
        "name": "Откликнулись",
        "need_notification": false,
        "position": 1,
        "template_stage_id": 2,
        "type_of_rating": null,
        "updated_at": "2017-08-15T08:10:14.729Z",
        "vacancy_id": null,
        "vacancy_stage_group": Object {
          "color": "#ffe9bb",
          "created_at": "2017-08-10T15:03:55.026Z",
          "id": 5,
          "label": "Новые",
          "updated_at": "2017-08-10T15:03:55.026Z",
          "value": "new",
        },
        "vacancy_stage_group_id": 5,
      },
      Object {
        "can_create_left": true,
        "can_create_right": true,
        "created_at": "2017-08-15T08:10:19.710Z",
        "editable": true,
        "evaluation_of_candidate": true,
        "group_name": null,
        "id": 129,
        "must_be_last": false,
        "name": "Скрининг рекрутера",
        "need_notification": false,
        "position": 2,
        "template_stage_id": 2,
        "type_of_rating": "passing",
        "updated_at": "2017-08-15T08:10:19.714Z",
        "vacancy_id": null,
        "vacancy_stage_group": Object {
          "color": "#f00",
          "created_at": "2017-08-10T15:03:55.039Z",
          "id": 6,
          "label": "Скрининг",
          "updated_at": "2017-08-10T15:03:55.039Z",
          "value": "screening",
        },
        "vacancy_stage_group_id": 6,
      },
      Object {
        "can_create_left": true,
        "can_create_right": true,
        "created_at": "2017-08-15T08:10:24.614Z",
        "editable": true,
        "evaluation_of_candidate": true,
        "group_name": null,
        "id": 130,
        "must_be_last": false,
        "name": "Скрининг менеджера",
        "need_notification": true,
        "position": 3,
        "template_stage_id": 2,
        "type_of_rating": "passing",
        "updated_at": "2017-08-15T08:10:24.619Z",
        "vacancy_id": null,
        "vacancy_stage_group": Object {
          "color": "#f00",
          "created_at": "2017-08-10T15:03:55.039Z",
          "id": 6,
          "label": "Скрининг",
          "updated_at": "2017-08-10T15:03:55.039Z",
          "value": "screening",
        },
        "vacancy_stage_group_id": 6,
      },
      Object {
        "can_create_left": true,
        "can_create_right": true,
        "created_at": "2017-08-15T08:10:29.286Z",
        "editable": true,
        "evaluation_of_candidate": true,
        "group_name": null,
        "id": 131,
        "must_be_last": false,
        "name": "Интервью рекрутера",
        "need_notification": false,
        "position": 4,
        "template_stage_id": 2,
        "type_of_rating": "passing",
        "updated_at": "2017-08-15T08:10:29.291Z",
        "vacancy_id": null,
        "vacancy_stage_group": Object {
          "color": "#f0f",
          "created_at": "2017-08-10T15:03:55.041Z",
          "id": 7,
          "label": "Интервью",
          "updated_at": "2017-08-10T15:03:55.041Z",
          "value": "interview",
        },
        "vacancy_stage_group_id": 7,
      },
      Object {
        "can_create_left": true,
        "can_create_right": true,
        "created_at": "2017-08-15T08:10:34.287Z",
        "editable": true,
        "evaluation_of_candidate": true,
        "group_name": null,
        "id": 132,
        "must_be_last": false,
        "name": "Интервью менеджера",
        "need_notification": true,
        "position": 5,
        "template_stage_id": 2,
        "type_of_rating": "passing",
        "updated_at": "2017-08-15T08:10:34.290Z",
        "vacancy_id": null,
        "vacancy_stage_group": Object {
          "color": "#f0f",
          "created_at": "2017-08-10T15:03:55.041Z",
          "id": 7,
          "label": "Интервью",
          "updated_at": "2017-08-10T15:03:55.041Z",
          "value": "interview",
        },
        "vacancy_stage_group_id": 7,
      },
      Object {
        "can_create_left": true,
        "can_create_right": true,
        "created_at": "2017-08-15T08:10:38.715Z",
        "editable": true,
        "evaluation_of_candidate": false,
        "group_name": null,
        "id": 133,
        "must_be_last": false,
        "name": "Оффер",
        "need_notification": true,
        "position": 6,
        "template_stage_id": 2,
        "type_of_rating": null,
        "updated_at": "2017-08-15T08:10:38.719Z",
        "vacancy_id": null,
        "vacancy_stage_group": Object {
          "color": "#00f",
          "created_at": "2017-08-10T15:03:55.043Z",
          "id": 9,
          "label": "Оффер",
          "updated_at": "2017-08-10T15:03:55.043Z",
          "value": "offer",
        },
        "vacancy_stage_group_id": 9,
      },
      Object {
        "can_create_left": true,
        "can_create_right": false,
        "created_at": "2017-08-15T08:10:43.751Z",
        "editable": false,
        "evaluation_of_candidate": false,
        "group_name": null,
        "id": 134,
        "must_be_last": false,
        "name": "Принят",
        "need_notification": false,
        "position": 7,
        "template_stage_id": 2,
        "type_of_rating": null,
        "updated_at": "2017-08-15T08:10:43.755Z",
        "vacancy_id": null,
        "vacancy_stage_group": Object {
          "color": "#ff0",
          "created_at": "2017-08-10T15:03:55.045Z",
          "id": 10,
          "label": "Принят",
          "updated_at": "2017-08-10T15:03:55.045Z",
          "value": "accepted",
        },
        "vacancy_stage_group_id": 10,
      },
      Object {
        "can_create_left": false,
        "can_create_right": false,
        "created_at": "2017-08-15T08:10:47.592Z",
        "editable": false,
        "evaluation_of_candidate": false,
        "group_name": null,
        "id": 135,
        "must_be_last": true,
        "name": "Отказ",
        "need_notification": false,
        "position": 8,
        "template_stage_id": 2,
        "type_of_rating": null,
        "updated_at": "2017-08-15T08:10:47.596Z",
        "vacancy_id": null,
        "vacancy_stage_group": Object {
          "color": "#0aa",
          "created_at": "2017-08-10T15:03:55.046Z",
          "id": 11,
          "label": "Отказ",
          "updated_at": "2017-08-10T15:03:55.046Z",
          "value": "rejected",
        },
        "vacancy_stage_group_id": 11,
      },
      Object {
        "can_create_left": false,
        "can_create_right": false,
        "created_at": "2017-08-15T08:10:52.150Z",
        "editable": false,
        "evaluation_of_candidate": false,
        "group_name": null,
        "id": 136,
        "must_be_last": true,
        "name": "Архив",
        "need_notification": false,
        "position": null,
        "template_stage_id": 2,
        "type_of_rating": null,
        "updated_at": "2017-08-15T16:52:04.100Z",
        "vacancy_id": null,
        "vacancy_stage_group": Object {
          "color": "#aaa",
          "created_at": "2017-08-10T15:03:55.047Z",
          "id": 12,
          "label": "Архив",
          "updated_at": "2017-08-10T15:03:55.047Z",
          "value": "archived",
        },
        "vacancy_stage_group_id": 12,
      },
    ],
  },
]
`;
