// Jest Snapshot v1, https://goo.gl/fbAQLP

exports[`departments reducer should match GET_DEPARTMENTS_TREE_RES snapshot 1`] = `
Array [
  Object {
    "code": "Университет",
    "company_id": null,
    "created_at": "2017-08-21T13:36:26.676Z",
    "departments_tree": Array [
      Object {
        "children": Array [],
        "code": "root",
        "company_id": 3,
        "created_at": "2017-08-04T14:20:10.796Z",
        "id": 2,
        "legal_unit_id": 1,
        "logo": Object {},
        "manager_id": null,
        "name_ru": "Допинг-контроль",
        "parent_id": null,
        "participants": Array [],
        "participants_count": 1,
        "region": 36,
        "updated_at": "2017-10-05T14:51:58.167Z",
      },
    ],
    "id": 2,
    "logo": Object {},
    "name": "Университет",
    "updated_at": "2017-10-05T14:38:34.649Z",
    "uuid": "Университет",
  },
]
`;
